  PayRex.API -> C:\Users\r3x\source\repos\PayRexApplication\PayRexApplication\bin\Debug\net9.0\PayRex.API.dll
C:\Users\r3x\source\repos\PayRexApplication\PayRex.Web\PayRex.Web.csproj : warning NU1603: PayRex.Web depends on QuestPDF (>= 2024.11.0) but QuestPDF 2024.11.0 was not found. QuestPDF 2024.12.0 was resolved instead.
C:\Users\r3x\source\repos\PayRexApplication\PayRex.Web\Pages\Salary.cshtml(44,64): error RZ1031: The tag helper 'option' must not have C# in the element's attribute declaration area. [C:\Users\r3x\source\repos\PayRexApplication\PayRex.Web\PayRex.Web.csproj]
C:\Users\r3x\source\repos\PayRexApplication\PayRex.Web\Pages\Profile.cshtml.cs(53,27): warning CS0108: 'ProfileModel.File' hides inherited member 'PageModel.File(byte[], string)'. Use the new keyword if hiding was intended. [C:\Users\r3x\source\repos\PayRexApplication\PayRex.Web\PayRex.Web.csproj]
C:\Users\r3x\source\repos\PayRexApplication\PayRex.Web\Pages\AddEmployee.cshtml.cs(15,23): warning CS8618: Non-nullable property 'StatusMessage' must contain a non-null value when exiting constructor. Consider adding the 'required' modifier or declaring the property as nullable. [C:\Users\r3x\source\repos\PayRexApplication\PayRex.Web\PayRex.Web.csproj]
C:\Users\r3x\source\repos\PayRexApplication\PayRex.Web\Pages\Admin\AddUser.cshtml.cs(36,35): warning CS1998: This async method lacks 'await' operators and will run synchronously. Consider using the 'await' operator to await non-blocking API calls, or 'await Task.Run(...)' to do CPU-bound work on a background thread. [C:\Users\r3x\source\repos\PayRexApplication\PayRex.Web\PayRex.Web.csproj]
C:\Users\r3x\source\repos\PayRexApplication\PayRex.Web\Pages\AddEmployee.cshtml.cs(41,23): warning CS8618: Non-nullable property 'EmployeeCode' must contain a non-null value when exiting constructor. Consider adding the 'required' modifier or declaring the property as nullable. [C:\Users\r3x\source\repos\PayRexApplication\PayRex.Web\PayRex.Web.csproj]
C:\Users\r3x\source\repos\PayRexApplication\PayRex.Web\Pages\AddEmployee.cshtml.cs(42,23): warning CS8618: Non-nullable property 'CompanyId' must contain a non-null value when exiting constructor. Consider adding the 'required' modifier or declaring the property as nullable. [C:\Users\r3x\source\repos\PayRexApplication\PayRex.Web\PayRex.Web.csproj]
C:\Users\r3x\source\repos\PayRexApplication\PayRex.Web\Pages\AddEmployee.cshtml.cs(43,23): warning CS8618: Non-nullable property 'CompanyName' must contain a non-null value when exiting constructor. Consider adding the 'required' modifier or declaring the property as nullable. [C:\Users\r3x\source\repos\PayRexApplication\PayRex.Web\PayRex.Web.csproj]
C:\Users\r3x\source\repos\PayRexApplication\PayRex.Web\Pages\AddEmployee.cshtml.cs(47,23): warning CS8618: Non-nullable property 'FirstName' must contain a non-null value when exiting constructor. Consider adding the 'required' modifier or declaring the property as nullable. [C:\Users\r3x\source\repos\PayRexApplication\PayRex.Web\PayRex.Web.csproj]
C:\Users\r3x\source\repos\PayRexApplication\PayRex.Web\Pages\AddEmployee.cshtml.cs(51,23): warning CS8618: Non-nullable property 'LastName' must contain a non-null value when exiting constructor. Consider adding the 'required' modifier or declaring the property as nullable. [C:\Users\r3x\source\repos\PayRexApplication\PayRex.Web\PayRex.Web.csproj]
C:\Users\r3x\source\repos\PayRexApplication\PayRex.Web\Pages\AddEmployee.cshtml.cs(56,23): warning CS8618: Non-nullable property 'Email' must contain a non-null value when exiting constructor. Consider adding the 'required' modifier or declaring the property as nullable. [C:\Users\r3x\source\repos\PayRexApplication\PayRex.Web\PayRex.Web.csproj]
C:\Users\r3x\source\repos\PayRexApplication\PayRex.Web\Pages\AddEmployee.cshtml.cs(59,23): warning CS8618: Non-nullable property 'ContactNumber' must contain a non-null value when exiting constructor. Consider adding the 'required' modifier or declaring the property as nullable. [C:\Users\r3x\source\repos\PayRexApplication\PayRex.Web\PayRex.Web.csproj]
C:\Users\r3x\source\repos\PayRexApplication\PayRex.Web\Pages\AddEmployee.cshtml.cs(62,23): warning CS8618: Non-nullable property 'CivilStatus' must contain a non-null value when exiting constructor. Consider adding the 'required' modifier or declaring the property as nullable. [C:\Users\r3x\source\repos\PayRexApplication\PayRex.Web\PayRex.Web.csproj]
C:\Users\r3x\source\repos\PayRexApplication\PayRex.Web\Pages\AddEmployee.cshtml.cs(74,23): warning CS8618: Non-nullable property 'TIN' must contain a non-null value when exiting constructor. Consider adding the 'required' modifier or declaring the property as nullable. [C:\Users\r3x\source\repos\PayRexApplication\PayRex.Web\PayRex.Web.csproj]
C:\Users\r3x\source\repos\PayRexApplication\PayRex.Web\Pages\AddEmployee.cshtml.cs(77,23): warning CS8618: Non-nullable property 'SSS' must contain a non-null value when exiting constructor. Consider adding the 'required' modifier or declaring the property as nullable. [C:\Users\r3x\source\repos\PayRexApplication\PayRex.Web\PayRex.Web.csproj]
C:\Users\r3x\source\repos\PayRexApplication\PayRex.Web\Pages\AddEmployee.cshtml.cs(80,23): warning CS8618: Non-nullable property 'PhilHealth' must contain a non-null value when exiting constructor. Consider adding the 'required' modifier or declaring the property as nullable. [C:\Users\r3x\source\repos\PayRexApplication\PayRex.Web\PayRex.Web.csproj]
C:\Users\r3x\source\repos\PayRexApplication\PayRex.Web\Pages\AddEmployee.cshtml.cs(83,23): warning CS8618: Non-nullable property 'PagIbig' must contain a non-null value when exiting constructor. Consider adding the 'required' modifier or declaring the property as nullable. [C:\Users\r3x\source\repos\PayRexApplication\PayRex.Web\PayRex.Web.csproj]
C:\Users\r3x\source\repos\PayRexApplication\PayRex.Web\Pages\AddEmployee.cshtml.cs(85,26): warning CS8618: Non-nullable property 'ProfilePhoto' must contain a non-null value when exiting constructor. Consider adding the 'required' modifier or declaring the property as nullable. [C:\Users\r3x\source\repos\PayRexApplication\PayRex.Web\PayRex.Web.csproj]
C:\Users\r3x\source\repos\PayRexApplication\PayRex.Web\Pages\AddEmployee.cshtml.cs(86,26): warning CS8618: Non-nullable property 'Signature' must contain a non-null value when exiting constructor. Consider adding the 'required' modifier or declaring the property as nullable. [C:\Users\r3x\source\repos\PayRexApplication\PayRex.Web\PayRex.Web.csproj]
C:\Users\r3x\source\repos\PayRexApplication\PayRex.Web\Program.cs(152,17): warning CS8602: Dereference of a possibly null reference. [C:\Users\r3x\source\repos\PayRexApplication\PayRex.Web\PayRex.Web.csproj]
C:\Users\r3x\source\repos\PayRexApplication\PayRex.Web\Pages\Finance.cshtml.cs(30,28): warning CS8601: Possible null reference assignment. [C:\Users\r3x\source\repos\PayRexApplication\PayRex.Web\PayRex.Web.csproj]
C:\Users\r3x\source\repos\PayRexApplication\PayRex.Web\Pages\Finance.cshtml.cs(42,28): warning CS8601: Possible null reference assignment. [C:\Users\r3x\source\repos\PayRexApplication\PayRex.Web\PayRex.Web.csproj]
C:\Users\r3x\source\repos\PayRexApplication\PayRex.Web\QuestPdf\EmployeeIdPdfGenerator.cs(23,29): warning CS0618: 'RowDescriptor.RelativeColumn(float)' is obsolete: 'This element has been renamed since version 2022.2. Please use the RelativeItem method.' [C:\Users\r3x\source\repos\PayRexApplication\PayRex.Web\PayRex.Web.csproj]
C:\Users\r3x\source\repos\PayRexApplication\PayRex.Web\QuestPdf\EmployeeIdPdfGenerator.cs(29,29): warning CS0618: 'RowDescriptor.ConstantColumn(float)' is obsolete: 'This element has been renamed since version 2022.2. Please use the ConstantItem method.' [C:\Users\r3x\source\repos\PayRexApplication\PayRex.Web\PayRex.Web.csproj]
C:\Users\r3x\source\repos\PayRexApplication\PayRex.Web\QuestPdf\EmployeeIdPdfGenerator.cs(32,37): warning CS0618: 'ImageExtensions.Image(IContainer, byte[], ImageScaling)' is obsolete: 'This element has been changed since version 2023.5. Please use the Image method overload that returns the ImageDescriptor object.' [C:\Users\r3x\source\repos\PayRexApplication\PayRex.Web\PayRex.Web.csproj]
C:\Users\r3x\source\repos\PayRexApplication\PayRex.Web\QuestPdf\EmployeeIdPdfGenerator.cs(40,29): warning CS0618: 'RowDescriptor.ConstantColumn(float)' is obsolete: 'This element has been renamed since version 2022.2. Please use the ConstantItem method.' [C:\Users\r3x\source\repos\PayRexApplication\PayRex.Web\PayRex.Web.csproj]
C:\Users\r3x\source\repos\PayRexApplication\PayRex.Web\QuestPdf\EmployeeIdPdfGenerator.cs(43,37): warning CS0618: 'ImageExtensions.Image(IContainer, byte[], ImageScaling)' is obsolete: 'This element has been changed since version 2023.5. Please use the Image method overload that returns the ImageDescriptor object.' [C:\Users\r3x\source\repos\PayRexApplication\PayRex.Web\PayRex.Web.csproj]
C:\Users\r3x\source\repos\PayRexApplication\PayRex.Web\QuestPdf\EmployeeIdPdfGenerator.cs(48,29): warning CS0618: 'RowDescriptor.RelativeColumn(float)' is obsolete: 'This element has been renamed since version 2022.2. Please use the RelativeItem method.' [C:\Users\r3x\source\repos\PayRexApplication\PayRex.Web\PayRex.Web.csproj]
C:\Users\r3x\source\repos\PayRexApplication\PayRex.Web\QuestPdf\EmployeeIdPdfGenerator.cs(61,29): warning CS0618: 'RowDescriptor.RelativeColumn(float)' is obsolete: 'This element has been renamed since version 2022.2. Please use the RelativeItem method.' [C:\Users\r3x\source\repos\PayRexApplication\PayRex.Web\PayRex.Web.csproj]
C:\Users\r3x\source\repos\PayRexApplication\PayRex.Web\QuestPdf\EmployeePdfGenerator.cs(32,25): warning CS0618: 'RowDescriptor.RelativeColumn(float)' is obsolete: 'This element has been renamed since version 2022.2. Please use the RelativeItem method.' [C:\Users\r3x\source\repos\PayRexApplication\PayRex.Web\PayRex.Web.csproj]
C:\Users\r3x\source\repos\PayRexApplication\PayRex.Web\QuestPdf\EmployeePdfGenerator.cs(38,25): warning CS0618: 'RowDescriptor.ConstantColumn(float)' is obsolete: 'This element has been renamed since version 2022.2. Please use the ConstantItem method.' [C:\Users\r3x\source\repos\PayRexApplication\PayRex.Web\PayRex.Web.csproj]
C:\Users\r3x\source\repos\PayRexApplication\PayRex.Web\Pages\Profile.cshtml.cs(177,30): warning CS0168: The variable 'ex' is declared but never used [C:\Users\r3x\source\repos\PayRexApplication\PayRex.Web\PayRex.Web.csproj]
C:\Users\r3x\source\repos\PayRexApplication\PayRex.Web\Pages\Auth\Logout.cshtml.cs(16,38): warning CS1998: This async method lacks 'await' operators and will run synchronously. Consider using the 'await' operator to await non-blocking API calls, or 'await Task.Run(...)' to do CPU-bound work on a background thread. [C:\Users\r3x\source\repos\PayRexApplication\PayRex.Web\PayRex.Web.csproj]
C:\Users\r3x\source\repos\PayRexApplication\PayRex.Web\Pages\Auth\Logout.cshtml.cs(30,38): warning CS1998: This async method lacks 'await' operators and will run synchronously. Consider using the 'await' operator to await non-blocking API calls, or 'await Task.Run(...)' to do CPU-bound work on a background thread. [C:\Users\r3x\source\repos\PayRexApplication\PayRex.Web\PayRex.Web.csproj]
C:\Users\r3x\source\repos\PayRexApplication\PayRex.Web\Pages\Settings.cshtml.cs(220,31): warning CS8601: Possible null reference assignment. [C:\Users\r3x\source\repos\PayRexApplication\PayRex.Web\PayRex.Web.csproj]
C:\Users\r3x\source\repos\PayRexApplication\PayRex.Web\Pages\Attendance.cshtml(217,85): warning CS8602: Dereference of a possibly null reference. [C:\Users\r3x\source\repos\PayRexApplication\PayRex.Web\PayRex.Web.csproj]
C:\Users\r3x\source\repos\PayRexApplication\PayRex.Web\Pages\Admin\LeaveRequests.cshtml(86,66): warning CS8602: Dereference of a possibly null reference. [C:\Users\r3x\source\repos\PayRexApplication\PayRex.Web\PayRex.Web.csproj]
C:\Users\r3x\source\repos\PayRexApplication\PayRex.Web\Pages\Employees.cshtml(280,97): warning CS8602: Dereference of a possibly null reference. [C:\Users\r3x\source\repos\PayRexApplication\PayRex.Web\PayRex.Web.csproj]

Build FAILED.

C:\Users\r3x\source\repos\PayRexApplication\PayRex.Web\PayRex.Web.csproj : warning NU1603: PayRex.Web depends on QuestPDF (>= 2024.11.0) but QuestPDF 2024.11.0 was not found. QuestPDF 2024.12.0 was resolved instead.
C:\Users\r3x\source\repos\PayRexApplication\PayRex.Web\Pages\Profile.cshtml.cs(53,27): warning CS0108: 'ProfileModel.File' hides inherited member 'PageModel.File(byte[], string)'. Use the new keyword if hiding was intended. [C:\Users\r3x\source\repos\PayRexApplication\PayRex.Web\PayRex.Web.csproj]
C:\Users\r3x\source\repos\PayRexApplication\PayRex.Web\Pages\AddEmployee.cshtml.cs(15,23): warning CS8618: Non-nullable property 'StatusMessage' must contain a non-null value when exiting constructor. Consider adding the 'required' modifier or declaring the property as nullable. [C:\Users\r3x\source\repos\PayRexApplication\PayRex.Web\PayRex.Web.csproj]
C:\Users\r3x\source\repos\PayRexApplication\PayRex.Web\Pages\Admin\AddUser.cshtml.cs(36,35): warning CS1998: This async method lacks 'await' operators and will run synchronously. Consider using the 'await' operator to await non-blocking API calls, or 'await Task.Run(...)' to do CPU-bound work on a background thread. [C:\Users\r3x\source\repos\PayRexApplication\PayRex.Web\PayRex.Web.csproj]
C:\Users\r3x\source\repos\PayRexApplication\PayRex.Web\Pages\AddEmployee.cshtml.cs(41,23): warning CS8618: Non-nullable property 'EmployeeCode' must contain a non-null value when exiting constructor. Consider adding the 'required' modifier or declaring the property as nullable. [C:\Users\r3x\source\repos\PayRexApplication\PayRex.Web\PayRex.Web.csproj]
C:\Users\r3x\source\repos\PayRexApplication\PayRex.Web\Pages\AddEmployee.cshtml.cs(42,23): warning CS8618: Non-nullable property 'CompanyId' must contain a non-null value when exiting constructor. Consider adding the 'required' modifier or declaring the property as nullable. [C:\Users\r3x\source\repos\PayRexApplication\PayRex.Web\PayRex.Web.csproj]
C:\Users\r3x\source\repos\PayRexApplication\PayRex.Web\Pages\AddEmployee.cshtml.cs(43,23): warning CS8618: Non-nullable property 'CompanyName' must contain a non-null value when exiting constructor. Consider adding the 'required' modifier or declaring the property as nullable. [C:\Users\r3x\source\repos\PayRexApplication\PayRex.Web\PayRex.Web.csproj]
C:\Users\r3x\source\repos\PayRexApplication\PayRex.Web\Pages\AddEmployee.cshtml.cs(47,23): warning CS8618: Non-nullable property 'FirstName' must contain a non-null value when exiting constructor. Consider adding the 'required' modifier or declaring the property as nullable. [C:\Users\r3x\source\repos\PayRexApplication\PayRex.Web\PayRex.Web.csproj]
C:\Users\r3x\source\repos\PayRexApplication\PayRex.Web\Pages\AddEmployee.cshtml.cs(51,23): warning CS8618: Non-nullable property 'LastName' must contain a non-null value when exiting constructor. Consider adding the 'required' modifier or declaring the property as nullable. [C:\Users\r3x\source\repos\PayRexApplication\PayRex.Web\PayRex.Web.csproj]
C:\Users\r3x\source\repos\PayRexApplication\PayRex.Web\Pages\AddEmployee.cshtml.cs(56,23): warning CS8618: Non-nullable property 'Email' must contain a non-null value when exiting constructor. Consider adding the 'required' modifier or declaring the property as nullable. [C:\Users\r3x\source\repos\PayRexApplication\PayRex.Web\PayRex.Web.csproj]
C:\Users\r3x\source\repos\PayRexApplication\PayRex.Web\Pages\AddEmployee.cshtml.cs(59,23): warning CS8618: Non-nullable property 'ContactNumber' must contain a non-null value when exiting constructor. Consider adding the 'required' modifier or declaring the property as nullable. [C:\Users\r3x\source\repos\PayRexApplication\PayRex.Web\PayRex.Web.csproj]
C:\Users\r3x\source\repos\PayRexApplication\PayRex.Web\Pages\AddEmployee.cshtml.cs(62,23): warning CS8618: Non-nullable property 'CivilStatus' must contain a non-null value when exiting constructor. Consider adding the 'required' modifier or declaring the property as nullable. [C:\Users\r3x\source\repos\PayRexApplication\PayRex.Web\PayRex.Web.csproj]
C:\Users\r3x\source\repos\PayRexApplication\PayRex.Web\Pages\AddEmployee.cshtml.cs(74,23): warning CS8618: Non-nullable property 'TIN' must contain a non-null value when exiting constructor. Consider adding the 'required' modifier or declaring the property as nullable. [C:\Users\r3x\source\repos\PayRexApplication\PayRex.Web\PayRex.Web.csproj]
C:\Users\r3x\source\repos\PayRexApplication\PayRex.Web\Pages\AddEmployee.cshtml.cs(77,23): warning CS8618: Non-nullable property 'SSS' must contain a non-null value when exiting constructor. Consider adding the 'required' modifier or declaring the property as nullable. [C:\Users\r3x\source\repos\PayRexApplication\PayRex.Web\PayRex.Web.csproj]
C:\Users\r3x\source\repos\PayRexApplication\PayRex.Web\Pages\AddEmployee.cshtml.cs(80,23): warning CS8618: Non-nullable property 'PhilHealth' must contain a non-null value when exiting constructor. Consider adding the 'required' modifier or declaring the property as nullable. [C:\Users\r3x\source\repos\PayRexApplication\PayRex.Web\PayRex.Web.csproj]
C:\Users\r3x\source\repos\PayRexApplication\PayRex.Web\Pages\AddEmployee.cshtml.cs(83,23): warning CS8618: Non-nullable property 'PagIbig' must contain a non-null value when exiting constructor. Consider adding the 'required' modifier or declaring the property as nullable. [C:\Users\r3x\source\repos\PayRexApplication\PayRex.Web\PayRex.Web.csproj]
C:\Users\r3x\source\repos\PayRexApplication\PayRex.Web\Pages\AddEmployee.cshtml.cs(85,26): warning CS8618: Non-nullable property 'ProfilePhoto' must contain a non-null value when exiting constructor. Consider adding the 'required' modifier or declaring the property as nullable. [C:\Users\r3x\source\repos\PayRexApplication\PayRex.Web\PayRex.Web.csproj]
C:\Users\r3x\source\repos\PayRexApplication\PayRex.Web\Pages\AddEmployee.cshtml.cs(86,26): warning CS8618: Non-nullable property 'Signature' must contain a non-null value when exiting constructor. Consider adding the 'required' modifier or declaring the property as nullable. [C:\Users\r3x\source\repos\PayRexApplication\PayRex.Web\PayRex.Web.csproj]
C:\Users\r3x\source\repos\PayRexApplication\PayRex.Web\Program.cs(152,17): warning CS8602: Dereference of a possibly null reference. [C:\Users\r3x\source\repos\PayRexApplication\PayRex.Web\PayRex.Web.csproj]
C:\Users\r3x\source\repos\PayRexApplication\PayRex.Web\Pages\Finance.cshtml.cs(30,28): warning CS8601: Possible null reference assignment. [C:\Users\r3x\source\repos\PayRexApplication\PayRex.Web\PayRex.Web.csproj]
C:\Users\r3x\source\repos\PayRexApplication\PayRex.Web\Pages\Finance.cshtml.cs(42,28): warning CS8601: Possible null reference assignment. [C:\Users\r3x\source\repos\PayRexApplication\PayRex.Web\PayRex.Web.csproj]
C:\Users\r3x\source\repos\PayRexApplication\PayRex.Web\QuestPdf\EmployeeIdPdfGenerator.cs(23,29): warning CS0618: 'RowDescriptor.RelativeColumn(float)' is obsolete: 'This element has been renamed since version 2022.2. Please use the RelativeItem method.' [C:\Users\r3x\source\repos\PayRexApplication\PayRex.Web\PayRex.Web.csproj]
C:\Users\r3x\source\repos\PayRexApplication\PayRex.Web\QuestPdf\EmployeeIdPdfGenerator.cs(29,29): warning CS0618: 'RowDescriptor.ConstantColumn(float)' is obsolete: 'This element has been renamed since version 2022.2. Please use the ConstantItem method.' [C:\Users\r3x\source\repos\PayRexApplication\PayRex.Web\PayRex.Web.csproj]
C:\Users\r3x\source\repos\PayRexApplication\PayRex.Web\QuestPdf\EmployeeIdPdfGenerator.cs(32,37): warning CS0618: 'ImageExtensions.Image(IContainer, byte[], ImageScaling)' is obsolete: 'This element has been changed since version 2023.5. Please use the Image method overload that returns the ImageDescriptor object.' [C:\Users\r3x\source\repos\PayRexApplication\PayRex.Web\PayRex.Web.csproj]
C:\Users\r3x\source\repos\PayRexApplication\PayRex.Web\QuestPdf\EmployeeIdPdfGenerator.cs(40,29): warning CS0618: 'RowDescriptor.ConstantColumn(float)' is obsolete: 'This element has been renamed since version 2022.2. Please use the ConstantItem method.' [C:\Users\r3x\source\repos\PayRexApplication\PayRex.Web\PayRex.Web.csproj]
C:\Users\r3x\source\repos\PayRexApplication\PayRex.Web\QuestPdf\EmployeeIdPdfGenerator.cs(43,37): warning CS0618: 'ImageExtensions.Image(IContainer, byte[], ImageScaling)' is obsolete: 'This element has been changed since version 2023.5. Please use the Image method overload that returns the ImageDescriptor object.' [C:\Users\r3x\source\repos\PayRexApplication\PayRex.Web\PayRex.Web.csproj]
C:\Users\r3x\source\repos\PayRexApplication\PayRex.Web\QuestPdf\EmployeeIdPdfGenerator.cs(48,29): warning CS0618: 'RowDescriptor.RelativeColumn(float)' is obsolete: 'This element has been renamed since version 2022.2. Please use the RelativeItem method.' [C:\Users\r3x\source\repos\PayRexApplication\PayRex.Web\PayRex.Web.csproj]
C:\Users\r3x\source\repos\PayRexApplication\PayRex.Web\QuestPdf\EmployeeIdPdfGenerator.cs(61,29): warning CS0618: 'RowDescriptor.RelativeColumn(float)' is obsolete: 'This element has been renamed since version 2022.2. Please use the RelativeItem method.' [C:\Users\r3x\source\repos\PayRexApplication\PayRex.Web\PayRex.Web.csproj]
C:\Users\r3x\source\repos\PayRexApplication\PayRex.Web\QuestPdf\EmployeePdfGenerator.cs(32,25): warning CS0618: 'RowDescriptor.RelativeColumn(float)' is obsolete: 'This element has been renamed since version 2022.2. Please use the RelativeItem method.' [C:\Users\r3x\source\repos\PayRexApplication\PayRex.Web\PayRex.Web.csproj]
C:\Users\r3x\source\repos\PayRexApplication\PayRex.Web\QuestPdf\EmployeePdfGenerator.cs(38,25): warning CS0618: 'RowDescriptor.ConstantColumn(float)' is obsolete: 'This element has been renamed since version 2022.2. Please use the ConstantItem method.' [C:\Users\r3x\source\repos\PayRexApplication\PayRex.Web\PayRex.Web.csproj]
C:\Users\r3x\source\repos\PayRexApplication\PayRex.Web\Pages\Profile.cshtml.cs(177,30): warning CS0168: The variable 'ex' is declared but never used [C:\Users\r3x\source\repos\PayRexApplication\PayRex.Web\PayRex.Web.csproj]
C:\Users\r3x\source\repos\PayRexApplication\PayRex.Web\Pages\Auth\Logout.cshtml.cs(16,38): warning CS1998: This async method lacks 'await' operators and will run synchronously. Consider using the 'await' operator to await non-blocking API calls, or 'await Task.Run(...)' to do CPU-bound work on a background thread. [C:\Users\r3x\source\repos\PayRexApplication\PayRex.Web\PayRex.Web.csproj]
C:\Users\r3x\source\repos\PayRexApplication\PayRex.Web\Pages\Auth\Logout.cshtml.cs(30,38): warning CS1998: This async method lacks 'await' operators and will run synchronously. Consider using the 'await' operator to await non-blocking API calls, or 'await Task.Run(...)' to do CPU-bound work on a background thread. [C:\Users\r3x\source\repos\PayRexApplication\PayRex.Web\PayRex.Web.csproj]
C:\Users\r3x\source\repos\PayRexApplication\PayRex.Web\Pages\Settings.cshtml.cs(220,31): warning CS8601: Possible null reference assignment. [C:\Users\r3x\source\repos\PayRexApplication\PayRex.Web\PayRex.Web.csproj]
C:\Users\r3x\source\repos\PayRexApplication\PayRex.Web\Pages\Attendance.cshtml(217,85): warning CS8602: Dereference of a possibly null reference. [C:\Users\r3x\source\repos\PayRexApplication\PayRex.Web\PayRex.Web.csproj]
C:\Users\r3x\source\repos\PayRexApplication\PayRex.Web\Pages\Admin\LeaveRequests.cshtml(86,66): warning CS8602: Dereference of a possibly null reference. [C:\Users\r3x\source\repos\PayRexApplication\PayRex.Web\PayRex.Web.csproj]
C:\Users\r3x\source\repos\PayRexApplication\PayRex.Web\Pages\Employees.cshtml(280,97): warning CS8602: Dereference of a possibly null reference. [C:\Users\r3x\source\repos\PayRexApplication\PayRex.Web\PayRex.Web.csproj]
C:\Users\r3x\source\repos\PayRexApplication\PayRex.Web\Pages\Salary.cshtml(44,64): error RZ1031: The tag helper 'option' must not have C# in the element's attribute declaration area. [C:\Users\r3x\source\repos\PayRexApplication\PayRex.Web\PayRex.Web.csproj]
    37 Warning(s)
    1 Error(s)

Time Elapsed 00:00:05.46

Workload updates are available. Run `dotnet workload list` for more information.
